2026-09-16 18:50:15.250599: I tensorflow/core/util/port.cc:113] oneDNN custom operations are on. You may see slightly different numerical results due to floating-point round-off errors from different computation orders. To turn them off, set the environment variable `TF_ENABLE_ONEDNN_OPTS=0`.
2026-09-16 18:50:15.287634: E external/local_xla/xla/stream_executor/cuda/cuda_dnn.cc:9261] Unable to register cuDNN factory: Attempting to register factory for plugin cuDNN when one has already been registered
2026-09-16 18:50:15.287656: E external/local_xla/xla/stream_executor/cuda/cuda_fft.cc:607] Unable to register cuFFT factory: Attempting to register factory for plugin cuFFT when one has already been registered
2026-09-16 18:50:15.288856: E external/local_xla/xla/stream_executor/cuda/cuda_blas.cc:1515] Unable to register cuBLAS factory: Attempting to register factory for plugin cuBLAS when one has already been registered
2026-09-16 18:50:15.294952: I tensorflow/core/platform/cpu_feature_guard.cc:182] This TensorFlow binary is optimized to use available CPU instructions in performance-critical operations.
To enable the following instructions: AVX2 AVX512F AVX512_VNNI FMA, in other operations, rebuild TensorFlow with the appropriate compiler flags.
2026-09-16 18:50:16.086273: W tensorflow/compiler/tf2tensorrt/utils/py_utils.cc:38] TF-TRT Warning: Could not find TensorRT
[robosuite WARNING] No private macro file found! (__init__.py:7)
VILA is not installed. Multimodal features will not be available. To activate, please install VILA at https://github.com/NVlabs/VILA.
Using LIBERO constants:
  NUM_ACTIONS_CHUNK = 8
  ACTION_DIM = 7
  PROPRIO_DIM = 8
  ACTION_PROPRIO_NORMALIZATION_TYPE = bounds_q99
If needed, manually set the correct constants in `prismatic/vla/constants.py`!
09/16 [18:50:30] WARNING  | >> No private macro file found!        __init__.py:7
[robosuite WARNING] It is recommended to use a private macro file (__init__.py:8)
                 WARNING  | >> It is recommended to use a private  __init__.py:8
                          macro file                                            
[robosuite WARNING] To setup, run: python /root/miniconda3/envs/qvla-oft/lib/python3.10/site-packages/robosuite/scripts/setup_macros.py (__init__.py:9)
                 WARNING  | >> To setup, run: python               __init__.py:9
                          /root/miniconda3/envs/qvla-oft/lib/pytho              
                          n3.10/site-packages/robosuite/scripts/se              
                          tup_macros.py                                         
                 INFO     | >> No OpenGL_accelerate      acceleratesupport.py:24
                          module loaded: No module named                        
                          'OpenGL_accelerate'                                   
Gym has been unmaintained since 2022 and does not support NumPy 2.0 amongst other critical functionality.
Please upgrade to Gymnasium, the maintained drop-in replacement of Gym, or contact the authors of your software and request that they upgrade.
Users of this version of Gym should be able to simply replace 'import gym' with 'import gymnasium as gym' in the vast majority of cases.
See the migration guide at https://gymnasium.farama.org/introduction/migration_guide/ for additional information.
Instantiating pretrained VLA policy...
Loading checkpoint shards:   0%|          | 0/4 [00:00<?, ?it/s]Loading checkpoint shards:  25%|██▌       | 1/4 [00:00<00:00,  4.12it/s]Loading checkpoint shards:  50%|█████     | 2/4 [00:00<00:00,  4.57it/s]Loading checkpoint shards:  75%|███████▌  | 3/4 [00:00<00:00,  4.66it/s]Loading checkpoint shards: 100%|██████████| 4/4 [00:00<00:00,  4.90it/s]Loading checkpoint shards: 100%|██████████| 4/4 [00:00<00:00,  4.75it/s]
<frozen importlib._bootstrap>:283: DeprecationWarning: the load_module() method is deprecated and slated for removal in Python 3.12; use exec_module() instead
Loaded model: <class 'prismatic.extern.hf.modeling_prismatic.OpenVLAForActionPrediction'>
Traceback (most recent call last):
  File "/root/autodl-tmp/qvla-repro/overlays/language-stage-rescue/diagnostics/probe.py", line 662, in <module>
    main()
  File "/root/miniconda3/envs/qvla-oft/lib/python3.10/site-packages/torch/utils/_contextlib.py", line 115, in decorate_context
    return func(*args, **kwargs)
  File "/root/autodl-tmp/qvla-repro/overlays/language-stage-rescue/diagnostics/probe.py", line 491, in main
    "smoothing_selection_source_sha256": digest(Path(__file__).with_name("smoothing_selection.py")),
  File "/root/autodl-tmp/qvla-repro/overlays/language-stage-rescue/diagnostics/probe.py", line 22, in digest
    with Path(path).open("rb") as f:
  File "/root/miniconda3/envs/qvla-oft/lib/python3.10/pathlib.py", line 1119, in open
    return self._accessor.open(self, mode, buffering, encoding, errors,
FileNotFoundError: [Errno 2] No such file or directory: '/root/autodl-tmp/qvla-repro/overlays/language-stage-rescue/diagnostics/smoothing_selection.py'
