2026-09-30 03:23:38.959470: I tensorflow/core/util/port.cc:113] oneDNN custom operations are on. You may see slightly different numerical results due to floating-point round-off errors from different computation orders. To turn them off, set the environment variable `TF_ENABLE_ONEDNN_OPTS=0`.
2026-09-30 03:23:38.998322: E external/local_xla/xla/stream_executor/cuda/cuda_dnn.cc:9261] Unable to register cuDNN factory: Attempting to register factory for plugin cuDNN when one has already been registered
2026-09-30 03:23:38.998356: E external/local_xla/xla/stream_executor/cuda/cuda_fft.cc:607] Unable to register cuFFT factory: Attempting to register factory for plugin cuFFT when one has already been registered
2026-09-30 03:23:38.999899: E external/local_xla/xla/stream_executor/cuda/cuda_blas.cc:1515] Unable to register cuBLAS factory: Attempting to register factory for plugin cuBLAS when one has already been registered
2026-09-30 03:23:39.006710: I tensorflow/core/platform/cpu_feature_guard.cc:182] This TensorFlow binary is optimized to use available CPU instructions in performance-critical operations.
To enable the following instructions: AVX2 AVX512F AVX512_VNNI FMA, in other operations, rebuild TensorFlow with the appropriate compiler flags.
2026-09-30 03:23:39.822796: W tensorflow/compiler/tf2tensorrt/utils/py_utils.cc:38] TF-TRT Warning: Could not find TensorRT
[robosuite WARNING] No private macro file found! (__init__.py:7)
[robosuite WARNING] It is recommended to use a private macro file (__init__.py:8)
[robosuite WARNING] To setup, run: python /root/miniconda3/envs/qvla-oft/lib/python3.10/site-packages/robosuite/scripts/setup_macros.py (__init__.py:9)
Gym has been unmaintained since 2022 and does not support NumPy 2.0 amongst other critical functionality.
Please upgrade to Gymnasium, the maintained drop-in replacement of Gym, or contact the authors of your software and request that they upgrade.
Users of this version of Gym should be able to simply replace 'import gym' with 'import gymnasium as gym' in the vast majority of cases.
See the migration guide at https://gymnasium.farama.org/introduction/migration_guide/ for additional information.
Using LIBERO constants:
  NUM_ACTIONS_CHUNK = 8
  ACTION_DIM = 7
  PROPRIO_DIM = 8
  ACTION_PROPRIO_NORMALIZATION_TYPE = bounds_q99
If needed, manually set the correct constants in `prismatic/vla/constants.py`!
VILA is not installed. Multimodal features will not be available. To activate, please install VILA at https://github.com/NVlabs/VILA.
[official-quant] scope={"fused_vision": 105, "language": 224, "primary_vision": 93, "total": 422, "unexpected": 0, "vision": 198}
Loading checkpoint shards:   0%|          | 0/4 [00:00<?, ?it/s]Loading checkpoint shards:  25%|██▌       | 1/4 [00:00<00:00,  4.32it/s]Loading checkpoint shards:  50%|█████     | 2/4 [00:00<00:00,  4.88it/s]Loading checkpoint shards:  75%|███████▌  | 3/4 [00:00<00:00,  5.03it/s]Loading checkpoint shards: 100%|██████████| 4/4 [00:00<00:00,  5.25it/s]Loading checkpoint shards: 100%|██████████| 4/4 [00:00<00:00,  5.08it/s]
[diagnostic] same-loader BF16 control: no scales, clipping or weight quantization applied
[official-quant] method=awq weight_bits=2 activation_bits=16 profile_targets=422 scope=none
[official-quant] BF16 exclusions=projector,proprio_projector,action_head,embeddings,norms
[official-quant] candidate={"applied_target_bits": {"2": 0}, "applied_targets": 0, "name": "profile", "profiles": [{"path": "/root/autodl-tmp/qvla-repro/artifacts/awq-spatial-20260912-163735-1136/profiles/w2.pt", "sha256": "4fe1d2aa9a4e89fbaa5f9eb358ac6526d899195f774378b476742b801c7f4ccc"}], "removed_language_clips": 0, "scope": "none", "target_group_counts": {"128": 422}, "w4_layers": ""}
usage: run_eval_official_quant.py [-h] [--config_path str]
                                  [--model_family str]
                                  [--pretrained_checkpoint str]
                                  [--use_l1_regression str]
                                  [--use_diffusion str]
                                  [--num_diffusion_steps_train str]
                                  [--num_diffusion_steps_inference str]
                                  [--use_film str] [--num_images_in_input str]
                                  [--use_proprio str] [--center_crop str]
                                  [--num_open_loop_steps str]
                                  [--lora_rank str] [--unnorm_key str]
                                  [--load_in_8bit str] [--load_in_4bit str]
                                  [--task_suite_name str]
                                  [--num_steps_wait str]
                                  [--num_trials_per_task str]
                                  [--initial_states_path str]
                                  [--env_img_res str] [--run_id_note str]
                                  [--local_log_dir str] [--use_wandb str]
                                  [--wandb_entity str] [--wandb_project str]
                                  [--seed str] [--env_seed str]
                                  [--attn_implementation str]
                                  [--seed_protocol str]
                                  [--strict_determinism str]
run_eval_official_quant.py: error: unrecognized arguments: --initial_state_offset 0
